[    0.000000] Linux version 4.15.0-162-generic (buildd@lcy01-amd64-007) (gcc version 7.5.0 (Ubuntu 7.5.0-3ubuntu1~18.04)) #170-Ubuntu SMP Mon Oct 18 11:38:05 UTC 2021 (Ubuntu 4.15.0-162.170-generic 4.15.18)
[    0.000000] Command line: BOOT_IMAGE=/boot/vmlinuz-4.15.0-162-generic root=LABEL=cloudimg-rootfs ro console=tty1 console=ttyS0
[    0.000000] KERNEL supported cpus:
[    0.000000]   Intel GenuineIntel
[    0.000000]   AMD AuthenticAMD
[    0.000000]   Centaur CentaurHauls
[    0.000000] [Firmware Bug]: TSC doesn't count with P0 frequency!
[    0.000000] x86/fpu: Supporting XSAVE feature 0x001: 'x87 floating point registers'
[    0.000000] x86/fpu: Supporting XSAVE feature 0x002: 'SSE registers'
[    0.000000] x86/fpu: Supporting XSAVE feature 0x004: 'AVX registers'
[    0.000000] x86/fpu: xstate_offset[2]:  576, xstate_sizes[2]:  256
[    0.000000] x86/fpu: Enabled xstate features 0x7, context size is 832 bytes, using 'standard' format.
[    0.000000] e820: BIOS-provided physical RAM map:
[    0.000000] BIOS-e820: [mem 0x0000000000000000-0x000000000009fbff] usable
[    0.000000] BIOS-e820: [mem 0x000000000009fc00-0x000000000009ffff] reserved
[    0.000000] BIOS-e820: [mem 0x00000000000f0000-0x00000000000fffff] reserved
[    0.000000] BIOS-e820: [mem 0x0000000000100000-0x000000003ffeffff] usable
[    0.000000] BIOS-e820: [mem 0x000000003fff0000-0x000000003fffffff] ACPI data
[    0.000000] BIOS-e820: [mem 0x00000000fec00000-0x00000000fec00fff] reserved
[    0.000000] BIOS-e820: [mem 0x00000000fee00000-0x00000000fee00fff] reserved
[    0.000000] BIOS-e820: [mem 0x00000000fffc0000-0x00000000ffffffff] reserved
[    0.000000] NX (Execute Disable) protection: active
[    0.000000] SMBIOS 2.5 present.
[    0.000000] DMI: innotek GmbH VirtualBox/VirtualBox, BIOS VirtualBox 12/01/2006
[    0.000000] Hypervisor detected: KVM
[    0.000000] e820: last_pfn = 0x3fff0 max_arch_pfn = 0x400000000
[    0.000000] MTRR: Disabled
[    0.000000] x86/PAT: MTRRs disabled, skipping PAT initialization too.
[    0.000000] CPU MTRRs all blank - virtualized system.
[    0.000000] x86/PAT: Configuration [0-7]: WB  WT  UC- UC  WB  WT  UC- UC  
[    0.000000] found SMP MP-table at [mem 0x0009fff0-0x0009ffff]
[    0.000000] Scanning 1 areas for low memory corruption
[    0.000000] RAMDISK: [mem 0x359cd000-0x36cddfff]
[    0.000000] ACPI: Early table checksum verification disabled
[    0.000000] ACPI: RSDP 0x00000000000E0000 000024 (v02 VBOX  )
[    0.000000] ACPI: XSDT 0x000000003FFF0030 00003C (v01 VBOX   VBOXXSDT 00000001 ASL  00000061)
[    0.000000] ACPI: FACP 0x000000003FFF00F0 0000F4 (v04 VBOX   VBOXFACP 00000001 ASL  00000061)
[    0.000000] ACPI: DSDT 0x000000003FFF0470 0022EA (v02 VBOX   VBOXBIOS 00000002 INTL 20100528)
[    0.000000] ACPI: FACS 0x000000003FFF0200 000040
[    0.000000] ACPI: FACS 0x000000003FFF0200 000040
[    0.000000] ACPI: APIC 0x000000003FFF0240 00005C (v02 VBOX   VBOXAPIC 00000001 ASL  00000061)
[    0.000000] ACPI: SSDT 0x000000003FFF02A0 0001CC (v01 VBOX   VBOXCPUT 00000002 INTL 20100528)
[    0.000000] ACPI: Reserving FACP table memory at [mem 0x3fff00f0-0x3fff01e3]
[    0.000000] ACPI: Reserving DSDT table memory at [mem 0x3fff0470-0x3fff2759]
[    0.000000] ACPI: Reserving FACS table memory at [mem 0x3fff0200-0x3fff023f]
[    0.000000] ACPI: Reserving FACS table memory at [mem 0x3fff0200-0x3fff023f]
[    0.000000] ACPI: Reserving APIC table memory at [mem 0x3fff0240-0x3fff029b]
[    0.000000] ACPI: Reserving SSDT table memory at [mem 0x3fff02a0-0x3fff046b]
[    0.000000] No NUMA configuration found
[    0.000000] Faking a node at [mem 0x0000000000000000-0x000000003ffeffff]
[    0.000000] NODE_DATA(0) allocated [mem 0x3ffc5000-0x3ffeffff]
[    0.000000] kvm-clock: cpu 0, msr 0:3ff44001, primary cpu clock
[    0.000000] kvm-clock: Using msrs 4b564d01 and 4b564d00
[    0.000000] kvm-clock: using sched offset of 3924128199 cycles
[    0.000000] clocksource: kvm-clock: mask: 0xffffffffffffffff max_cycles: 0x1cd42e4dffb, max_idle_ns: 881590591483 ns
[    0.000000] Zone ranges:
[    0.000000]   DMA      [mem 0x0000000000001000-0x0000000000ffffff]
[    0.000000]   DMA32    [mem 0x0000000001000000-0x000000003ffeffff]
[    0.000000]   Normal   empty
[    0.000000]   Device   empty
[    0.000000] Movable zone start for each node
[    0.000000] Early memory node ranges
[    0.000000]   node   0: [mem 0x0000000000001000-0x000000000009efff]
[    0.000000]   node   0: [mem 0x0000000000100000-0x000000003ffeffff]
[    0.000000] Reserved but unavailable: 104 pages
[    0.000000] Initmem setup node 0 [mem 0x0000000000001000-0x000000003ffeffff]
[    0.000000] ACPI: PM-Timer IO Port: 0x4008
[    0.000000] IOAPIC[0]: apic_id 2, version 32, address 0xfec00000, GSI 0-23
[    0.000000] ACPI: INT_SRC_OVR (bus 0 bus_irq 0 global_irq 2 dfl dfl)
[    0.000000] ACPI: INT_SRC_OVR (bus 0 bus_irq 9 global_irq 9 low level)
[    0.000000] Using ACPI (MADT) for SMP configuration information
[    0.000000] smpboot: Allowing 2 CPUs, 0 hotplug CPUs
[    0.000000] PM: Registered nosave memory: [mem 0x00000000-0x00000fff]
[    0.000000] PM: Registered nosave memory: [mem 0x0009f000-0x0009ffff]
[    0.000000] PM: Registered nosave memory: [mem 0x000a0000-0x000effff]
[    0.000000] PM: Registered nosave memory: [mem 0x000f0000-0x000fffff]
[    0.000000] e820: [mem 0x40000000-0xfebfffff] available for PCI devices
[    0.000000] Booting paravirtualized kernel on KVM
[    0.000000] clocksource: refined-jiffies: mask: 0xffffffff max_cycles: 0xffffffff, max_idle_ns: 7645519600211568 ns
[    0.000000] random: get_random_bytes called from start_kernel+0x99/0x500 with crng_init=0
[    0.000000] setup_percpu: NR_CPUS:8192 nr_cpumask_bits:2 nr_cpu_ids:2 nr_node_ids:1
[    0.000000] percpu: Embedded 45 pages/cpu s147456 r8192 d28672 u1048576
[    0.000000] PV qspinlock hash table entries: 256 (order: 0, 4096 bytes)
[    0.000000] Built 1 zonelists, mobility grouping on.  Total pages: 257913
[    0.000000] Policy zone: DMA32
[    0.000000] Kernel command line: BOOT_IMAGE=/boot/vmlinuz-4.15.0-162-generic root=LABEL=cloudimg-rootfs ro console=tty1 console=ttyS0
[    0.000000] Memory: 982712K/1048120K available (12300K kernel code, 2483K rwdata, 4320K rodata, 2448K init, 2724K bss, 65408K reserved, 0K cma-reserved)
[    0.000000] SLUB: HWalign=64, Order=0-3, MinObjects=0, CPUs=2, Nodes=1
[    0.000000] ftrace: allocating 39475 entries in 155 pages
[    0.004000] Hierarchical RCU implementation.
[    0.004000] 	RCU restricting CPUs from NR_CPUS=8192 to nr_cpu_ids=2.
[    0.004000] 	Tasks RCU enabled.
[    0.004000] RCU: Adjusting geometry for rcu_fanout_leaf=16, nr_cpu_ids=2
[    0.004000] NR_IRQS: 524544, nr_irqs: 440, preallocated irqs: 16
[    0.004000] Console: colour VGA+ 80x25
[    0.004000] console [tty1] enabled
[    0.004000] console [ttyS0] enabled
[    0.004000] ACPI: Core revision 20170831
[    0.004000] ACPI: 2 ACPI AML tables successfully acquired and loaded
[    0.004000] APIC: Switch to symmetric I/O mode setup
[    0.004000] x2apic enabled
[    0.004000] Switched APIC routing to physical x2apic.
[    0.004000] ..TIMER: vector=0x30 apic1=0 pin1=2 apic2=-1 pin2=-1
[    0.004000] tsc: Detected 3799.998 MHz processor
[    0.004000] Calibrating delay loop (skipped) preset value.. 7599.99 BogoMIPS (lpj=15199992)
[    0.004003] pid_max: default: 32768 minimum: 301
[    0.004467] Security Framework initialized
[    0.004856] Yama: becoming mindful.
[    0.005218] AppArmor: AppArmor initialized
[    0.008000] Dentry cache hash table entries: 131072 (order: 8, 1048576 bytes)
[    0.008021] Inode-cache hash table entries: 65536 (order: 7, 524288 bytes)
[    0.008666] Mount-cache hash table entries: 2048 (order: 2, 16384 bytes)
[    0.009283] Mountpoint-cache hash table entries: 2048 (order: 2, 16384 bytes)
[    0.010085] Last level iTLB entries: 4KB 512, 2MB 512, 4MB 256
[    0.010642] Last level dTLB entries: 4KB 2048, 2MB 2048, 4MB 1024, 1GB 0
[    0.012001] Spectre V1 : Mitigation: usercopy/swapgs barriers and __user pointer sanitization
[    0.012779] Spectre V2 : Spectre mitigation: LFENCE not serializing, switching to generic retpoline
[    0.013598] Spectre V2 : Mitigation: Full generic retpoline
[    0.014106] Spectre V2 : Spectre v2 / SpectreRSB mitigation: Filling RSB on context switch
[    0.014870] Speculative Store Bypass: Vulnerable
[    0.015435] Freeing SMP alternatives memory: 36K
[    0.124730] smpboot: CPU0: AMD Ryzen 7 5800X 8-Core Processor (family: 0x19, model: 0x21, stepping: 0x0)
[    0.125866] Performance Events: PMU not available due to virtualization, using software events only.
[    0.126801] Hierarchical SRCU implementation.
[    0.127666] NMI watchdog: Perf event create on CPU 0 failed with -2
[    0.128000] NMI watchdog: Perf NMI watchdog permanently disabled
[    0.128000] smp: Bringing up secondary CPUs ...
[    0.128037] x86: Booting SMP configuration:
[    0.128496] .... node  #0, CPUs:      #1
[    0.004000] kvm-clock: cpu 1, msr 0:3ff44041, secondary cpu clock
[    0.132011] smp: Brought up 1 node, 2 CPUs
[    0.132393] smpboot: Max logical packages: 1
[    0.132790] smpboot: Total of 2 processors activated (15199.99 BogoMIPS)
[    0.133487] devtmpfs: initialized
[    0.133487] x86/mm: Memory block size: 128MB
[    0.133487] evm: security.selinux
[    0.133487] evm: security.SMACK64
[    0.133708] evm: security.SMACK64EXEC
[    0.134114] evm: security.SMACK64TRANSMUTE
[    0.136002] evm: security.SMACK64MMAP
[    0.136405] evm: security.apparmor
[    0.136792] evm: security.ima
[    0.137142] evm: security.capability
[    0.137553] clocksource: jiffies: mask: 0xffffffff max_cycles: 0xffffffff, max_idle_ns: 7645041785100000 ns
[    0.137553] futex hash table entries: 512 (order: 3, 32768 bytes)
[    0.140000] pinctrl core: initialized pinctrl subsystem
[    0.140075] RTC time: 12:45:17, date: 11/27/21
[    0.140750] NET: Registered protocol family 16
[    0.141251] audit: initializing netlink subsys (disabled)
[    0.141804] audit: type=2000 audit(1638017122.710:1): state=initialized audit_enabled=0 res=1
[    0.144006] cpuidle: using governor ladder
[    0.144446] cpuidle: using governor menu
[    0.144602] ACPI: bus type PCI registered
[    0.144602] acpiphp: ACPI Hot Plug PCI Controller Driver version: 0.5
[    0.145127] PCI: Using configuration type 1 for base access
[    0.145692] PCI: Using configuration type 1 for extended access
[    0.148440] HugeTLB registered 2.00 MiB page size, pre-allocated 0 pages
[    0.148681] ACPI: Added _OSI(Module Device)
[    0.148681] ACPI: Added _OSI(Processor Device)
[    0.148948] ACPI: Added _OSI(3.0 _SCP Extensions)
[    0.149434] ACPI: Added _OSI(Processor Aggregator Device)
[    0.149988] ACPI: Added _OSI(Linux-Dell-Video)
[    0.150434] ACPI: Added _OSI(Linux-Lenovo-NV-HDMI-Audio)
[    0.152004] ACPI: Added _OSI(Linux-HPI-Hybrid-Graphics)
[    0.152697] ACPI: Executed 1 blocks of module-level executable AML code
[    0.154941] ACPI: Interpreter enabled
[    0.155470] ACPI: (supports S0 S5)
[    0.156002] ACPI: Using IOAPIC for interrupt routing
[    0.156811] PCI: Using host bridge windows from ACPI; if necessary, use "pci=nocrs" and report a bug
[    0.157847] ACPI: Enabled 2 GPEs in block 00 to 07
[    0.161569] ACPI: PCI Root Bridge [PCI0] (domain 0000 [bus 00-ff])
[    0.162115] acpi PNP0A03:00: _OSC: OS supports [ExtendedConfig ASPM ClockPM Segments MSI]
[    0.163351] acpi PNP0A03:00: _OSC: platform does not support [PCIeCapability]
[    0.164229] acpi PNP0A03:00: _OSC: not requesting control; platform does not support [PCIeCapability]
[    0.165149] acpi PNP0A03:00: _OSC: OS requested [PCIeHotplug PME AER PCIeCapability]
[    0.165940] acpi PNP0A03:00: _OSC: platform willing to grant [PCIeHotplug PME AER]
[    0.167230] acpi PNP0A03:00: _OSC failed (AE_SUPPORT); disabling ASPM
[    0.168167] PCI host bridge to bus 0000:00
[    0.168619] pci_bus 0000:00: root bus resource [io  0x0000-0x0cf7 window]
[    0.169294] pci_bus 0000:00: root bus resource [io  0x0d00-0xffff window]
[    0.169958] pci_bus 0000:00: root bus resource [mem 0x000a0000-0x000bffff window]
[    0.170730] pci_bus 0000:00: root bus resource [mem 0x40000000-0xfdffffff window]
[    0.171503] pci_bus 0000:00: root bus resource [bus 00-ff]
[    0.173109] pci 0000:00:01.1: legacy IDE quirk: reg 0x10: [io  0x01f0-0x01f7]
[    0.173788] pci 0000:00:01.1: legacy IDE quirk: reg 0x14: [io  0x03f6]
[    0.174440] pci 0000:00:01.1: legacy IDE quirk: reg 0x18: [io  0x0170-0x0177]
[    0.175144] pci 0000:00:01.1: legacy IDE quirk: reg 0x1c: [io  0x0376]
[    0.181671] pci 0000:00:07.0: quirk: [io  0x4000-0x403f] claimed by PIIX4 ACPI
[    0.182433] pci 0000:00:07.0: quirk: [io  0x4100-0x410f] claimed by PIIX4 SMB
[    0.185397] ACPI: PCI Interrupt Link [LNKA] (IRQs 5 9 10 *11)
[    0.186140] ACPI: PCI Interrupt Link [LNKB] (IRQs 5 9 *10 11)
[    0.186793] ACPI: PCI Interrupt Link [LNKC] (IRQs 5 *9 10 11)
[    0.187413] ACPI: PCI Interrupt Link [LNKD] (IRQs 5 9 10 *11)
[    0.188123] SCSI subsystem initialized
[    0.188541] pci 0000:00:02.0: vgaarb: setting as boot VGA device
[    0.188558] pci 0000:00:02.0: vgaarb: VGA device added: decodes=io+mem,owns=io+mem,locks=none
[    0.189329] pci 0000:00:02.0: vgaarb: bridge control possible
[    0.189938] vgaarb: loaded
[    0.190270] ACPI: bus type USB registered
[    0.190717] usbcore: registered new interface driver usbfs
[    0.192005] usbcore: registered new interface driver hub
[    0.192561] usbcore: registered new device driver usb
[    0.193110] EDAC MC: Ver: 3.0.0
[    0.193110] PCI: Using ACPI for IRQ routing
[    0.193110] NetLabel: Initializing
[    0.193110] NetLabel:  domain hash size = 128
[    0.193451] NetLabel:  protocols = UNLABELED CIPSOv4 CALIPSO
[    0.196016] NetLabel:  unlabeled traffic allowed by default
[    0.196596] clocksource: Switched to clocksource kvm-clock
[    0.216595] VFS: Disk quotas dquot_6.6.0
[    0.217031] VFS: Dquot-cache hash table entries: 512 (order 0, 4096 bytes)
[    0.217724] AppArmor: AppArmor Filesystem Enabled
[    0.218223] pnp: PnP ACPI init
[    0.219050] pnp: PnP ACPI: found 3 devices
[    0.226422] clocksource: acpi_pm: mask: 0xffffff max_cycles: 0xffffff, max_idle_ns: 2085701024 ns
[    0.227233] NET: Registered protocol family 2
[    0.227693] IP idents hash table entries: 16384 (order: 5, 131072 bytes)
[    0.231472] TCP established hash table entries: 8192 (order: 4, 65536 bytes)
[    0.232137] TCP bind hash table entries: 8192 (order: 5, 131072 bytes)
[    0.232759] TCP: Hash tables configured (established 8192 bind 8192)
[    0.233353] UDP hash table entries: 512 (order: 2, 16384 bytes)
[    0.233897] UDP-Lite hash table entries: 512 (order: 2, 16384 bytes)
[    0.234467] NET: Registered protocol family 1
[    0.234887] pci 0000:00:00.0: Limiting direct PCI/PCI transfers
[    0.235455] pci 0000:00:01.0: Activating ISA DMA hang workarounds
[    0.236029] pci 0000:00:02.0: Video device with shadowed ROM at [mem 0x000c0000-0x000dffff]
[    0.236871] Unpacking initramfs...
[    0.506604] Freeing initrd memory: 19524K
[    0.507085] clocksource: tsc: mask: 0xffffffffffffffff max_cycles: 0x6d8cab05ec1, max_idle_ns: 881590646801 ns
[    0.508040] platform rtc_cmos: registered platform RTC device (no PNP device found)
[    0.508790] Scanning for low memory corruption every 60 seconds
[    0.509676] Initialise system trusted keyrings
[    0.510114] Key type blacklist registered
[    0.510546] workingset: timestamp_bits=36 max_order=18 bucket_order=0
[    0.511479] zbud: loaded
[    0.511969] squashfs: version 4.0 (2009/01/31) Phillip Lougher
[    0.512621] fuse init (API version 7.26)
[    0.514902] Key type asymmetric registered
[    0.515298] Asymmetric key parser 'x509' registered
[    0.515792] Block layer SCSI generic (bsg) driver version 0.4 loaded (major 246)
[    0.516547] io scheduler noop registered
[    0.516971] io scheduler deadline registered
[    0.517434] io scheduler cfq registered (default)
[    0.518064] ACPI: AC Adapter [AC] (on-line)
[    0.518525] input: Power Button as /devices/LNXSYSTM:00/LNXPWRBN:00/input/input0
[    0.519372] ACPI: Power Button [PWRF]
[    0.519806] input: Sleep Button as /devices/LNXSYSTM:00/LNXSLPBN:00/input/input1
[    0.520519] ACPI: Sleep Button [SLPF]
[    0.521097] Serial: 8250/16550 driver, 32 ports, IRQ sharing enabled
[    0.542023] 00:02: ttyS0 at I/O 0x3f8 (irq = 4, base_baud = 115200) is a 16550A
[    0.544080] Linux agpgart interface v0.103
[    0.545169] loop: module loaded
[    0.545777] scsi host0: ata_piix
[    0.546178] scsi host1: ata_piix
[    0.546533] ata1: PATA max UDMA/33 cmd 0x1f0 ctl 0x3f6 bmdma 0xd000 irq 14
[    0.547182] ata2: PATA max UDMA/33 cmd 0x170 ctl 0x376 bmdma 0xd008 irq 15
[    0.547840] libphy: Fixed MDIO Bus: probed
[    0.548278] tun: Universal TUN/TAP device driver, 1.6
[    0.548773] PPP generic driver version 2.4.2
[    0.549243] ehci_hcd: USB 2.0 'Enhanced' Host Controller (EHCI) Driver
[    0.549842] ehci-pci: EHCI PCI platform driver
[    0.550273] ehci-platform: EHCI generic platform driver
[    0.550764] ohci_hcd: USB 1.1 'Open' Host Controller (OHCI) Driver
[    0.551322] ohci-pci: OHCI PCI platform driver
[    0.551768] ohci-platform: OHCI generic platform driver
[    0.552318] uhci_hcd: USB Universal Host Controller Interface driver
[    0.552910] i8042: PNP: PS/2 Controller [PNP0303:PS2K,PNP0f03:PS2M] at 0x60,0x64 irq 1,12
[    0.554067] serio: i8042 KBD port at 0x60,0x64 irq 1
[    0.554556] serio: i8042 AUX port at 0x60,0x64 irq 12
[    0.555109] mousedev: PS/2 mouse device common for all mice
[    0.555838] input: AT Translated Set 2 keyboard as /devices/platform/i8042/serio0/input/input2
[    0.556946] rtc_cmos rtc_cmos: rtc core: registered rtc_cmos as rtc0
[    0.557585] rtc_cmos rtc_cmos: alarms up to one day, 114 bytes nvram
[    0.558171] i2c /dev entries driver
[    0.558554] device-mapper: uevent: version 1.0.3
[    0.559038] device-mapper: ioctl: 4.37.0-ioctl (2017-09-20) initialised: dm-devel@redhat.com
[    0.559882] ledtrig-cpu: registered to indicate activity on CPUs
[    0.560723] NET: Registered protocol family 10
[    0.563212] Segment Routing with IPv6
[    0.563582] NET: Registered protocol family 17
[    0.564036] Key type dns_resolver registered
[    0.564548] mce: Using 0 MCE banks
[    0.564927] RAS: Correctable Errors collector initialized.
[    0.565443] sched_clock: Marking stable (564538380, 0)->(676965951, -112427571)
[    0.566417] registered taskstats version 1
[    0.566840] Loading compiled-in X.509 certificates
[    0.568431] Loaded X.509 cert 'Build time autogenerated kernel key: ebed311aedd59d9a851620769f4a146e4e1d43c6'
[    0.569627] Loaded X.509 cert 'Canonical Ltd. Live Patch Signing: 14df34d1a87cf37625abec039ef2bf521249b969'
[    0.570793] Loaded X.509 cert 'Canonical Ltd. Kernel Module Signing: 88f752e560a1e0737e31163a466ad7b70a850c19'
[    0.571704] zswap: loaded using pool lzo/zbud
[    0.573753] Key type big_key registered
[    0.574140] Key type trusted registered
[    0.575255] Key type encrypted registered
[    0.575667] AppArmor: AppArmor sha1 policy hashing enabled
[    0.576229] ima: No TPM chip found, activating TPM-bypass! (rc=-19)
[    0.576833] ima: Allocated hash algorithm: sha1
[    0.577314] evm: HMAC attrs: 0x1
[    0.577778]   Magic number: 13:568:785
[    0.578201] rtc_cmos rtc_cmos: setting system clock to 2021-11-27 12:45:17 UTC (1638017117)
[    0.579049] BIOS EDD facility v0.16 2004-Jun-25, 0 devices found
[    0.579793] EDD information not available.
[    0.898796] Freeing unused kernel image memory: 2448K
[    0.912016] Write protecting the kernel read-only data: 20480k
[    0.913041] Freeing unused kernel image memory: 2008K
[    0.913733] Freeing unused kernel image memory: 1824K
[    0.917310] x86/mm: Checked W+X mappings: passed, no W+X pages found.
Loading, please wait...
starting version 237
[    0.952852] e1000: Intel(R) PRO/1000 Network Driver - version 7.3.21-k8-NAPI
[    0.953510] e1000: Copyright (c) 1999-2006 Intel Corporation.
[    0.954167] Fusion MPT base driver 3.04.20
[    0.954629] Copyright (c) 1999-2008 LSI Corporation
[    0.958262] Fusion MPT SPI Host driver 3.04.20
[    0.963207] AVX2 version of gcm_enc/dec engaged.
[    0.963648] AES CTR mode by8 optimization enabled
[    1.166897] input: ImExPS/2 Generic Explorer Mouse as /devices/platform/i8042/serio1/input/input4
[    1.297383] e1000 0000:00:03.0 eth0: (PCI:33MHz:32-bit) 02:5e:cd:fd:8c:44
[    1.298024] e1000 0000:00:03.0 eth0: Intel(R) PRO/1000 Network Connection
[    1.299321] mptbase: ioc0: Initiating bringup
[    1.299590] e1000 0000:00:03.0 enp0s3: renamed from eth0
[    1.404587] ioc0: LSI53C1030 A0: Capabilities={Initiator}
[    1.657702] scsi host2: ioc0: LSI53C1030 A0, FwRev=00000000h, Ports=1, MaxQ=256, IRQ=20
[    2.084810] scsi 2:0:0:0: Direct-Access     VBOX     HARDDISK         1.0  PQ: 0 ANSI: 5
[    2.112027] scsi target2:0:0: Beginning Domain Validation
[    2.113281] scsi target2:0:0: Domain Validation skipping write tests
[    2.113951] scsi target2:0:0: Ending Domain Validation
[    2.114516] scsi target2:0:0: asynchronous
[    2.115166] scsi 2:0:1:0: Direct-Access     VBOX     HARDDISK         1.0  PQ: 0 ANSI: 5
[    2.856010] scsi target2:0:1: Beginning Domain Validation
[    2.857477] random: fast init done
[    2.857840] scsi target2:0:1: Domain Validation skipping write tests
[    2.858400] scsi target2:0:1: Ending Domain Validation
[    2.858893] scsi target2:0:1: asynchronous
[    2.869521] random: systemd-udevd: uninitialized urandom read (16 bytes read)
[    2.869675] sd 2:0:0:0: [sda] 83886080 512-byte logical blocks: (42.9 GB/40.0 GiB)
[    2.870982] random: systemd-udevd: uninitialized urandom read (16 bytes read)
[    2.871776] sd 2:0:0:0: [sda] Write Protect is off
[    2.872405] random: systemd-udevd: uninitialized urandom read (16 bytes read)
[    2.873674] sd 2:0:0:0: Attached scsi generic sg0 type 0
[    2.874192] sd 2:0:0:0: [sda] Incomplete mode parameter data
[    2.874318] sd 2:0:1:0: Attached scsi generic sg1 type 0
[    2.874725] sd 2:0:0:0: [sda] Assuming drive cache: write through
[    2.875284] sd 2:0:1:0: [sdb] 20480 512-byte logical blocks: (10.5 MB/10.0 MiB)
[    2.876615] sd 2:0:1:0: [sdb] Write Protect is off
[    2.877244] sd 2:0:1:0: [sdb] Incomplete mode parameter data
[    2.877820] sd 2:0:1:0: [sdb] Assuming drive cache: write through
[    2.878828]  sda: sda1
[    2.879483] sd 2:0:0:0: [sda] Attached SCSI disk
[    2.981504] sd 2:0:1:0: [sdb] Attached SCSI disk
Begin: Loading essential drivers ... [    4.409575] raid6: sse2x1   gen()  8754 MB/s
[    4.456434] raid6: sse2x1   xor() 14619 MB/s
[    4.504445] raid6: sse2x2   gen() 16982 MB/s
[    4.553870] raid6: sse2x2   xor() 18231 MB/s
[    4.601724] raid6: sse2x4   gen() 24662 MB/s
[    4.648597] raid6: sse2x4   xor() 13538 MB/s
[    4.697430] raid6: avx2x1   gen() 19243 MB/s
[    4.744300] raid6: avx2x1   xor() 26259 MB/s
[    4.792681] raid6: avx2x2   gen() 39028 MB/s
[    4.840488] raid6: avx2x2   xor() 33494 MB/s
[    4.889882] raid6: avx2x4   gen() 43315 MB/s
[    4.936759] raid6: avx2x4   xor() 18832 MB/s
[    4.937209] raid6: using algorithm avx2x4 gen() 43315 MB/s
[    4.937715] raid6: .... xor() 18832 MB/s, rmw enabled
[    4.938234] raid6: using avx2x2 recovery algorithm
[    4.939474] xor: automatically using best checksumming function   avx       
[    4.940575] async_tx: api initialized (async)
done.
Begin: Running /scripts/init-premount ... done.
Begin: Mounting root file system ... Begin: Running /scripts/local-top ... done.
Begin: Running /scripts/local-premount ... [    4.963076] Btrfs loaded, crc32c=crc32c-intel
Scanning for Btrfs filesystems
done.
Warning: fsck not present, so skipping root file system
[    5.063655] EXT4-fs (sda1): INFO: recovery required on readonly filesystem
[    5.064311] EXT4-fs (sda1): write access will be enabled during recovery
[    5.117200] EXT4-fs (sda1): recovery complete
[    5.117803] EXT4-fs (sda1): mounted filesystem with ordered data mode. Opts: (null)
done.
Begin: Running /scripts/local-bottom ... done.
Begin: Running /scripts/init-bottom ... done.
[    6.032997] ip_tables: (C) 2000-2006 Netfilter Core Team
[    6.226839] systemd[1]: systemd 237 running in system mode. (+PAM +AUDIT +SELINUX +IMA +APPARMOR +SMACK +SYSVINIT +UTMP +LIBCRYPTSETUP +GCRYPT +GNUTLS +ACL +XZ +LZ4 +SECCOMP +BLKID +ELFUTILS +KMOD -IDN2 +IDN -PCRE2 default-hierarchy=hybrid)
[    6.228851] systemd[1]: Detected virtualization oracle.
[    6.229402] systemd[1]: Detected architecture x86-64.

Welcome to [1mUbuntu 18.04.6 LTS[0m!

[    6.436720] systemd[1]: Set hostname to <ubuntu-bionic>.
[    6.812373] random: crng init done
[    6.812840] random: 7 urandom warning(s) missed due to ratelimiting
[    8.212095] systemd[1]: Reached target System Time Synchronized.
[[0;32m  OK  [0m] Reached target System Time Synchronized.
[    8.213212] systemd[1]: Set up automount Arbitrary Executable File Formats File System Automount Point.
[[0;32m  OK  [0m] Set up automount Arbitrary Executabâ€¦rmats File System Automount Point.
[    8.214411] systemd[1]: Reached target User and Group Name Lookups.
[[0;32m  OK  [0m] Reached target User and Group Name Lookups.
[    8.229476] systemd[1]: Reached target Swap.
[[0;32m  OK  [0m] Reached target Swap.
[    8.230444] systemd[1]: Started Forward Password Requests to Wall Directory Watch.
[[0;32m  OK  [0m] Started Forward Password Requests to Wall Directory Watch.
[    8.232301] systemd[1]: Created slice System Slice.
[[0;32m  OK  [0m] Created slice System Slice.
[[0;32m  OK  [0m] Listening on Syslog Socket.
[[0;32m  OK  [0m] Listening on udev Control Socket.
[[0;32m  OK  [0m] Listening on Journal Socket.
         Starting Set the console keyboard layout...
         Starting Uncomplicated firewall...
[[0;32m  OK  [0m] Listening on Journal Socket (/dev/log).
[[0;32m  OK  [0m] Listening on udev Kernel Socket.
         Mounting Kernel Debug File System...
         Starting Create list of required stâ€¦ce nodes for the current kernel...
[[0;32m  OK  [0m] Listening on LVM2 poll daemon socket.
[[0;32m  OK  [0m] Listening on fsck to fsckd communication Socket.
         Mounting Huge Pages File System...
[[0;32m  OK  [0m] Listening on Journal Audit Socket.
[[0;32m  OK  [0m] Listening on LVM2 metadata daemon socket.
[[0;32m  OK  [0m] Created slice system-serial\x2dgetty.slice.
         Starting File System Check on Root Device...
         Starting Load Kernel Modules...
         Mounting POSIX Message Queue File System...
         Starting Journal Service...
[[0;32m  OK  [0m] Listening on Network Service Netlink Socket.
[[0;32m  OK  [0m] Listening on Device-mapper event daemon FIFOs.
         Starting udev Coldplug all Devices...
[[0;32m  OK  [0m] Listening on /dev/initctl Compatibility Named Pipe.
[[0;32m  OK  [0m] Created slice User and Session Slice.
[[0;32m  OK  [0m] Reached target Slices.
         Starting Monitoring of LVM2 mirrorsâ€¦ng dmeventd or progress polling...
[[0;32m  OK  [0m] Started Uncomplicated firewall.
[[0;32m  OK  [0m] Mounted Kernel Debug File System.
[[0;32m  OK  [0m] Started Create list of required staâ€¦vice nodes for the current kernel.
[[0;32m  OK  [0m] Mounted Huge Pages File System.
[    8.358050] Loading iSCSI transport class v2.0-870.
[[0;32m  OK  [0m] Mounted POSIX Message Queue File System.
[[0;32m  OK  [0m] Started File System Check Daemon to report status.
         Starting Create Static Device Nodes in /dev...
[    8.367946] iscsi: registered transport (tcp)
[[0;32m  OK  [0m] Started udev Coldplug all Devices.
[[0;32m  OK  [0m] Started Journal Service.
[[0;32m  OK  [0m] Started File System Check on Root Device.
         Starting Remount Root and Kernel File Systems...
[[0;32m  OK  [0m] Started Set the console keyboard layout.
[[0;32m  OK  [0m] Started Create Static Device Nodes in /dev.
[[0;32m  OK  [0m] Started LVM2 metadata daemon.
[    8.708976] iscsi: registered transport (iser)
[[0;32m  OK  [0m] Started Load Kernel Modules.
         Starting Apply Kernel Variables...
         Mounting FUSE Control File System...
         Mounting Kernel Configuration File System...
[[0;32m  OK  [0m] Mounted FUSE Control File System.
[[0;32m  OK  [0m] Mounted Kernel Configuration File System.
[[0;32m  OK  [0m] Started Remount Root and Kernel File Systems.
         Starting Flush Journal to Persistent Storage...
         Starting Load/Save Random Seed...
         Starting udev Kernel Device Manager...
[[0;32m  OK  [0m] Started Monitoring of LVM2 mirrors,â€¦sing dmeventd or progress polling.
[[0;32m  OK  [0m] Started Apply Kernel Variables.
[[0;32m  OK  [0m] Started Load/Save Random Seed.
[[0;32m  OK  [0m] Reached target Local File Systems (Pre).
[[0;32m  OK  [0m] Reached target Local File Systems.
         Starting Set console font and keymap...
         Starting ebtables ruleset management...
         Starting Tell Plymouth To Write Out Runtime Data...
         Starting AppArmor initialization...
[[0;32m  OK  [0m] Started udev Kernel Device Manager.
[[0;32m  OK  [0m] Started Set console font and keymap.
[[0;32m  OK  [0m] Started Dispatch Password Requests to Console Directory Watch.
[[0;32m  OK  [0m] Reached target Local Encrypted Volumes.
[[0;32m  OK  [0m] Started Tell Plymouth To Write Out Runtime Data.
[[0;32m  OK  [0m] Found device /dev/ttyS0.
[[0;32m  OK  [0m] Started ebtables ruleset management.
[[0;32m  OK  [0m] Listening on Load/Save RF Kill Switch Status /dev/rfkill Watch.
[[0;32m  OK  [0m] Started Flush Journal to Persistent Storage.
         Starting Create Volatile Files and Directories...
[[0;32m  OK  [0m] Started Create Volatile Files and Directories.
         Starting Update UTMP about System Boot/Shutdown...
[[0;32m  OK  [0m] Started Update UTMP about System Boot/Shutdown.
[[0;32m  OK  [0m] Started AppArmor initialization.
         Starting Load AppArmor profiles managed internally by snapd...
         Starting Initial cloud-init job (pre-networking)...
[[0;32m  OK  [0m] Started Load AppArmor profiles managed internally by snapd.
[   13.680451] cloud-init[561]: Cloud-init v. 21.4-0ubuntu1~18.04.1 running 'init-local' at Sat, 27 Nov 2021 12:45:30 +0000. Up 13.36 seconds.
[[0;32m  OK  [0m] Started Initial cloud-init job (pre-networking).
[[0;32m  OK  [0m] Reached target Network (Pre).
         Starting Network Service...
[[0;32m  OK  [0m] Started Network Service.
         Starting Network Name Resolution...
         Starting Wait for Network to be Configured...
[[0;32m  OK  [0m] Started Network Name Resolution.
[[0;32m  OK  [0m] Reached target Host and Network Name Lookups.
[[0;32m  OK  [0m] Reached target Network.
[[0;32m  OK  [0m] Started Wait for Network to be Configured.
         Starting Initial cloud-init job (metadata service crawler)...
[   15.997722] cloud-init[690]: Cloud-init v. 21.4-0ubuntu1~18.04.1 running 'init' at Sat, 27 Nov 2021 12:45:32 +0000. Up 15.89 seconds.
[   15.998743] cloud-init[690]: ci-info: ++++++++++++++++++++++++++++++++++++++Net device info++++++++++++++++++++++++++++++++++++++
[   15.999322] cloud-init[690]: ci-info: +--------+------+----------------------------+---------------+--------+-------------------+
[   16.000035] cloud-init[690]: ci-info: | Device |  Up  |          Address           |      Mask     | Scope  |     Hw-Address    |
[   16.000588] cloud-init[690]: ci-info: +--------+------+----------------------------+---------------+--------+-------------------+
[   16.001448] cloud-init[690]: ci-info: | enp0s3 | True |         10.0.2.15          | 255.255.255.0 | global | 02:5e:cd:fd:8c:44 |
[   16.002027] cloud-init[690]: ci-info: | enp0s3 | True | fe80::5e:cdff:fefd:8c44/64 |       .       |  link  | 02:5e:cd:fd:8c:44 |
[   16.002599] cloud-init[690]: ci-info: |   lo   | True |         127.0.0.1          |   255.0.0.0   |  host  |         .         |
[   16.003159] cloud-init[690]: ci-info: |   lo   | True |          ::1/128           |       .       |  host  |         .         |
[   16.003749] cloud-init[690]: ci-info: +--------+------+----------------------------+---------------+--------+-------------------+
[   16.004394] cloud-init[690]: ci-info: ++++++++++++++++++++++++++++Route IPv4 info+++++++++++++++++++++++++++++
[   16.005058] cloud-init[690]: ci-info: +-------+-------------+----------+-----------------+-----------+-------+
[   16.005689] cloud-init[690]: ci-info: | Route | Destination | Gateway  |     Genmask     | Interface | Flags |
[   16.006204] cloud-init[690]: ci-info: +-------+-------------+----------+-----------------+-----------+-------+
[   16.006693] cloud-init[690]: ci-info: |   0   |   0.0.0.0   | 10.0.2.2 |     0.0.0.0     |   enp0s3  |   UG  |
[   16.007189] cloud-init[690]: ci-info: |   1   |   10.0.2.0  | 0.0.0.0  |  255.255.255.0  |   enp0s3  |   U   |
[   16.007692] cloud-init[690]: ci-info: |   2   |   10.0.2.2  | 0.0.0.0  | 255.255.255.255 |   enp0s3  |   UH  |
[   16.008192] cloud-init[690]: ci-info: +-------+-------------+----------+-----------------+-----------+-------+
[   16.008696] cloud-init[690]: ci-info: +++++++++++++++++++Route IPv6 info+++++++++++++++++++
[   16.009130] cloud-init[690]: ci-info: +-------+-------------+---------+-----------+-------+
[   16.009598] cloud-init[690]: ci-info: | Route | Destination | Gateway | Interface | Flags |
[   16.009986] cloud-init[690]: ci-info: +-------+-------------+---------+-----------+-------+
[   16.010427] cloud-init[690]: ci-info: |   1   |  fe80::/64  |    ::   |   enp0s3  |   U   |
[   16.010862] cloud-init[690]: ci-info: |   3   |    local    |    ::   |   enp0s3  |   U   |
[   16.011298] cloud-init[690]: ci-info: |   4   |   ff00::/8  |    ::   |   enp0s3  |   U   |
[   16.011743] cloud-init[690]: ci-info: +-------+-------------+---------+-----------+-------+
[[0;32m  OK  [0m] Started Initial cloud-init job (metadata service crawler).
[[0;32m  OK  [0m] Reached target Network is Online.
[[0;32m  OK  [0m] Reached target Remote File Systems (Pre).
         Starting Availability of block devices...
         Mounting /vagrant...
[[0;32m  OK  [0m] Reached target Cloud-config availability.
[[0;32m  OK  [0m] Reached target System Initialization.
[[0;32m  OK  [0m] Listening on Open-iSCSI iscsid Socket.
         Starting LXD - unix socket.
[[0;32m  OK  [0m] Listening on ACPID Listen Socket.
[[0;32m  OK  [0m] Started Ubuntu Advantage Timer for running repeated jobs.
         Starting Socket activation for snappy daemon.
[[0;32m  OK  [0m] Listening on cloud-init hotplug hook socket.
[[0;32m  OK  [0m] Listening on UUID daemon activation socket.
[[0;32m  OK  [0m] Started Daily Cleanup of Temporary Directories.
[[0;32m  OK  [0m] Started Trigger to poll for Ubuntu â€¦(Only enabled on GCP LTS non-pro).
[[0;32m  OK  [0m] Listening on D-Bus System Message Bus Socket.
[[0;32m  OK  [0m] Started Discard unused blocks once a week.
[[0;32m  OK  [0m] Started Message of the Day.
[[0;32m  OK  [0m] Started ACPI Events Check.
[[0;32m  OK  [0m] Reached target Paths.
[[0;32m  OK  [0m] Started Daily apt download activities.
[[0;32m  OK  [0m] Started Daily apt upgrade and clean activities.
[[0;32m  OK  [0m] Reached target Timers.
[[0;32m  OK  [0m] Started Availability of block devices.
[[0;32m  OK  [0m] Listening on LXD - unix socket.
[[0;32m  OK  [0m] Listening on Socket activation for snappy daemon.
[[0;32m  OK  [0m] Reached target Sockets.
[[0;32m  OK  [0m] Reached target Basic System.
[[0;32m  OK  [0m] Started Deferred execution scheduler.
[[0;32m  OK  [0m] Started Regular background program processing daemon.
         Starting System Logging Service...
         Starting Accounts Service...
         Starting Message of the Day...
         Starting LSB: Record successful boot for GRUB...
         Starting Dispatcher daemon for systemd-networkd...
         Starting LXD - container startup/shutdown...
         Starting Login Service...
         Starting Snap Daemon...
         Starting Virtualbox guest utils...
[[0;32m  OK  [0m] Started D-Bus System Message Bus.
         Starting OpenBSD Secure Shell server...
[[0;32m  OK  [0m] Started FUSE filesystem for LXC.
[[0;32m  OK  [0m] Started irqbalance daemon.
[[0;32m  OK  [0m] Started System Logging Service.
[[0;32m  OK  [0m] Mounted /vagrant.
[[0;32m  OK  [0m] Started Login Service.
[[0;32m  OK  [0m] Started Unattended Upgrades Shutdown.
[[0;32m  OK  [0m] Reached target Remote File Systems.
         Starting LSB: automatic crash report generation...
         Starting Permit User Sessions...
[[0;32m  OK  [0m] Started Permit User Sessions.
         Starting Terminate Plymouth Boot Screen...
         Starting Hold until boot process finishes up...
         Starting Authorization Manager...
[[0;32m  OK  [0m] Started Hold until boot process finishes up.
         Starting Set console scheme...
[[0;32m  OK  [0m] Started Serial Getty on ttyS0.
[[0;32m  OK  [0m] Started Terminate Plymouth Boot Screen.
[[0;32m  OK  [0m] Started Dispatcher daemon for systemd-networkd.
[[0;32m  OK  [0m] Started Set console scheme.
[[0;32m  OK  [0m] Created slice system-getty.slice.
[[0;32m  OK  [0m] Started Getty on tty1.
[[0;32m  OK  [0m] Reached target Login Prompts.
[[0;32m  OK  [0m] Started Authorization Manager.
[[0;32m  OK  [0m] Started Accounts Service.
[[0;32m  OK  [0m] Started LSB: Record successful boot for GRUB.
[[0;32m  OK  [0m] Started LSB: automatic crash report generation.
[[0;32m  OK  [0m] Started Virtualbox guest utils.
[[0;32m  OK  [0m] Started OpenBSD Secure Shell server.
[[0;32m  OK  [0m] Created slice User Slice of vagrant.
         Starting User Manager for UID 1000...
[[0;32m  OK  [0m] Started Session 1 of user vagrant.
[[0;32m  OK  [0m] Started LXD - container startup/shutdown.
[[0;32m  OK  [0m] Started User Manager for UID 1000.
[[0;32m  OK  [0m] Started Snap Daemon.
         Starting Wait until snapd is fully seeded...
[[0;32m  OK  [0m] Started Wait until snapd is fully seeded.
[[0;32m  OK  [0m] Reached target Multi-User System.
[[0;32m  OK  [0m] Reached target Graphical Interface.
         Starting Update UTMP about System Runlevel Changes...
         Starting Apply the settings specified in cloud-config...
[[0;32m  OK  [0m] Started Update UTMP about System Runlevel Changes.
[[0;32m  OK  [0m] Started Message of the Day.
[   21.729412] cloud-init[1309]: Cloud-init v. 21.4-0ubuntu1~18.04.1 running 'modules:config' at Sat, 27 Nov 2021 12:45:38 +0000. Up 21.55 seconds.
[[0;32m  OK  [0m] Started Apply the settings specified in cloud-config.
         Starting Execute cloud user/final scripts...
[   22.144016] cloud-init[1374]: Cloud-init v. 21.4-0ubuntu1~18.04.1 running 'modules:final' at Sat, 27 Nov 2021 12:45:38 +0000. Up 22.05 seconds.
[   22.161668] cloud-init[1374]: Cloud-init v. 21.4-0ubuntu1~18.04.1 finished at Sat, 27 Nov 2021 12:45:39 +0000. Datasource DataSourceNoCloud [seed=/dev/sdb][dsmode=net].  Up 22.13 seconds
[[0;32m  OK  [0m] Started Execute cloud user/final scripts.
[[0;32m  OK  [0m] Reached target Cloud-init target.

Ubuntu 18.04.6 LTS ubuntu-bionic ttyS0

ubuntu-bionic login: 